// Jest Snapshot v1, https://goo.gl/fbAQLP

exports[`<LandingPage /> should render and match the snapshot 1`] = `
<article>
  <div>
    <div
      class="Wrapper-sc-5dsnpv-0 jpYyqh"
    >
      <a
        class="A-t53uvo-0 imPlZY"
        href="/login/google"
      >
        Sign In
      </a>
    </div>
  </div>
</article>
`;
